../Core/Src/main.c:99:6:HAL_TIM_PeriodElapsedCallback	16	static
../Core/Src/main.c:113:6:PWM_BEGIN	8	static
../Core/Src/main.c:131:6:SSD1306_INITS	8	static
../Core/Src/main.c:156:6:delay	16	static
../Core/Src/main.c:162:6:Set_Pin_Output	32	static
../Core/Src/main.c:171:6:Set_Pin_Input	32	static
../Core/Src/main.c:179:9:DS18B20_Start	16	static
../Core/Src/main.c:194:6:DS18B20_Write	24	static
../Core/Src/main.c:222:9:DS18B20_Read	16	static
../Core/Src/main.c:242:7:DS18B20_GetTemp	8	static
../Core/Src/main.c:272:6:ADC_CH1	24	static
../Core/Src/main.c:283:6:ADC_CH2	24	static
../Core/Src/main.c:294:6:ADC_CH3	24	static
../Core/Src/main.c:305:7:adc_value_to_voltage	16	static
../Core/Src/main.c:321:5:main	8	static
../Core/Src/main.c:423:6:SystemClock_Config	88	static
../Core/Src/main.c:470:13:MX_ADC2_Init	24	static
../Core/Src/main.c:509:13:MX_I2C1_Init	8	static
../Core/Src/main.c:543:13:MX_TIM1_Init	32	static
../Core/Src/main.c:589:13:MX_TIM2_Init	32	static
../Core/Src/main.c:634:13:MX_TIM4_Init	32	static
../Core/Src/main.c:681:13:MX_GPIO_Init	40	static
../Core/Src/main.c:725:6:Error_Handler	4	static,ignoring_inline_asm
