../Core/Src/main.c:133:6:HAL_TIM_PeriodElapsedCallback	16	static
../Core/Src/main.c:159:6:PWM_COND	8	static
../Core/Src/main.c:182:6:PWM_MOIST	8	static
../Core/Src/main.c:202:7:voltage_to_conductivity	48	static
../Core/Src/main.c:218:6:SSD1306_INITS	8	static
../Core/Src/main.c:243:6:delay	16	static
../Core/Src/main.c:249:6:Set_Pin_Output	32	static
../Core/Src/main.c:258:6:Set_Pin_Input	32	static
../Core/Src/main.c:266:6:Set_Pin_InputPU	32	static
../Core/Src/main.c:274:6:Set_Pin_InputPD	32	static
../Core/Src/main.c:283:6:Set_Conductivity_outputs_PD	24	static
../Core/Src/main.c:293:9:DS18B20_Start	16	static
../Core/Src/main.c:308:6:DS18B20_Write	24	static
../Core/Src/main.c:336:9:DS18B20_Read	16	static
../Core/Src/main.c:358:7:DS18B20_GetTemp	8	static
../Core/Src/main.c:388:6:ADC_CH1	24	static
../Core/Src/main.c:399:6:ADC_CH2	24	static
../Core/Src/main.c:410:6:ADC_CH3	24	static
../Core/Src/main.c:421:7:adc_value_to_voltage	16	static
../Core/Src/main.c:425:6:delay2	24	static,ignoring_inline_asm
../Core/Src/main.c:431:6:EC_out_of_range	32	static
../Core/Src/main.c:525:6:Set_counterFREQ	8	static
../Core/Src/main.c:564:6:Set_SENSE	8	static
../Core/Src/main.c:622:6:Set_counterFREQ_ssd1306	8	static
../Core/Src/main.c:665:6:measureconduct	40	static
../Core/Src/main.c:844:6:measuremoist	16	static
../Core/Src/main.c:953:6:moistconduct	40	static
../Core/Src/main.c:1184:5:main	24	static
../Core/Src/main.c:1296:6:SystemClock_Config	88	static
../Core/Src/main.c:1343:13:MX_ADC2_Init	24	static
../Core/Src/main.c:1408:13:MX_I2C1_Init	8	static
../Core/Src/main.c:1442:13:MX_TIM1_Init	32	static
../Core/Src/main.c:1488:13:MX_TIM2_Init	32	static
../Core/Src/main.c:1533:13:MX_TIM3_Init	32	static
../Core/Src/main.c:1578:13:MX_TIM4_Init	32	static
../Core/Src/main.c:1625:13:MX_GPIO_Init	40	static
../Core/Src/main.c:1682:6:Error_Handler	4	static,ignoring_inline_asm
