../Core/Src/main.c:147:7:calculateECSET1	32	static
../Core/Src/main.c:159:7:calculateECSET10	32	static
../Core/Src/main.c:171:7:calculateECSET100	32	static
../Core/Src/main.c:183:7:calculateECSET1000	32	static
../Core/Src/main.c:197:6:HAL_TIM_PeriodElapsedCallback	16	static
../Core/Src/main.c:222:6:salinity_fertilizer	40	static
../Core/Src/main.c:344:6:PWM_COND	8	static
../Core/Src/main.c:367:6:PWM_MOIST	8	static
../Core/Src/main.c:388:6:SSD1306_INITS	8	static
../Core/Src/main.c:413:6:delay	16	static
../Core/Src/main.c:419:6:Set_Pin_Output	32	static
../Core/Src/main.c:428:6:Set_Pin_Input	32	static
../Core/Src/main.c:436:6:Set_Pin_InputPU	32	static
../Core/Src/main.c:444:6:Set_Pin_InputPD	32	static
../Core/Src/main.c:453:6:Set_Conductivity_outputs_PD	24	static
../Core/Src/main.c:463:9:DS18B20_Start	16	static
../Core/Src/main.c:478:6:DS18B20_Write	24	static
../Core/Src/main.c:506:9:DS18B20_Read	16	static
../Core/Src/main.c:528:7:DS18B20_GetTemp	8	static
../Core/Src/main.c:558:6:ADC_CH1	24	static
../Core/Src/main.c:569:6:ADC_CH2	24	static
../Core/Src/main.c:580:6:ADC_CH3	24	static
../Core/Src/main.c:591:7:adc_value_to_voltage	16	static
../Core/Src/main.c:595:6:delay2	24	static,ignoring_inline_asm
../Core/Src/main.c:601:6:EC_out_of_range	32	static
../Core/Src/main.c:701:6:Set_counterFREQ	8	static
../Core/Src/main.c:740:6:Set_SENSE	8	static
../Core/Src/main.c:798:6:Set_counterFREQ_ssd1306	8	static
../Core/Src/main.c:842:6:moistconduct	40	static
../Core/Src/main.c:1087:5:main	24	static
../Core/Src/main.c:1204:6:SystemClock_Config	88	static
../Core/Src/main.c:1251:13:MX_ADC2_Init	24	static
../Core/Src/main.c:1316:13:MX_I2C1_Init	8	static
../Core/Src/main.c:1350:13:MX_TIM1_Init	32	static
../Core/Src/main.c:1396:13:MX_TIM2_Init	32	static
../Core/Src/main.c:1441:13:MX_TIM3_Init	32	static
../Core/Src/main.c:1486:13:MX_TIM4_Init	32	static
../Core/Src/main.c:1533:13:MX_GPIO_Init	40	static
../Core/Src/main.c:1590:6:Error_Handler	4	static,ignoring_inline_asm
