../Core/Src/main.c:108:6:HAL_TIM_PeriodElapsedCallback	16	static
../Core/Src/main.c:122:6:PWM_COND	8	static
../Core/Src/main.c:142:6:PWM_MOIST	4	static,ignoring_inline_asm
../Core/Src/main.c:153:6:SSD1306_INITS	8	static
../Core/Src/main.c:178:6:delay	16	static
../Core/Src/main.c:184:6:Set_Pin_Output	32	static
../Core/Src/main.c:193:6:Set_Pin_Input	32	static
../Core/Src/main.c:201:6:Set_Pin_InputPU	32	static
../Core/Src/main.c:209:9:DS18B20_Start	16	static
../Core/Src/main.c:224:6:DS18B20_Write	24	static
../Core/Src/main.c:252:9:DS18B20_Read	16	static
../Core/Src/main.c:272:7:DS18B20_GetTemp	8	static
../Core/Src/main.c:302:6:ADC_CH1	24	static
../Core/Src/main.c:313:6:ADC_CH2	24	static
../Core/Src/main.c:324:6:ADC_CH3	24	static
../Core/Src/main.c:335:7:adc_value_to_voltage	16	static
../Core/Src/main.c:351:5:main	8	static
../Core/Src/main.c:499:6:SystemClock_Config	88	static
../Core/Src/main.c:546:13:MX_ADC2_Init	24	static
../Core/Src/main.c:611:13:MX_I2C1_Init	8	static
../Core/Src/main.c:645:13:MX_TIM1_Init	32	static
../Core/Src/main.c:691:13:MX_TIM2_Init	32	static
../Core/Src/main.c:736:13:MX_TIM3_Init	32	static
../Core/Src/main.c:781:13:MX_TIM4_Init	32	static
../Core/Src/main.c:828:13:MX_GPIO_Init	40	static
../Core/Src/main.c:875:6:Error_Handler	4	static,ignoring_inline_asm
