../Core/Src/main.c:112:6:HAL_TIM_PeriodElapsedCallback	16	static
../Core/Src/main.c:126:6:PWM_COND	8	static
../Core/Src/main.c:145:6:PWM_MOIST	4	static
../Core/Src/main.c:160:7:voltage_to_conductivity	48	static
../Core/Src/main.c:176:6:SSD1306_INITS	8	static
../Core/Src/main.c:201:6:delay	16	static
../Core/Src/main.c:207:6:Set_Pin_Output	32	static
../Core/Src/main.c:216:6:Set_Pin_Input	32	static
../Core/Src/main.c:224:6:Set_Pin_InputPU	32	static
../Core/Src/main.c:232:9:DS18B20_Start	16	static
../Core/Src/main.c:247:6:DS18B20_Write	24	static
../Core/Src/main.c:275:9:DS18B20_Read	16	static
../Core/Src/main.c:295:7:DS18B20_GetTemp	8	static
../Core/Src/main.c:325:6:ADC_CH1	24	static
../Core/Src/main.c:336:6:ADC_CH2	24	static
../Core/Src/main.c:347:6:ADC_CH3	24	static
../Core/Src/main.c:358:7:adc_value_to_voltage	16	static
../Core/Src/main.c:374:5:main	24	static
../Core/Src/main.c:549:6:SystemClock_Config	88	static
../Core/Src/main.c:596:13:MX_ADC2_Init	24	static
../Core/Src/main.c:661:13:MX_I2C1_Init	8	static
../Core/Src/main.c:695:13:MX_TIM1_Init	32	static
../Core/Src/main.c:741:13:MX_TIM2_Init	32	static
../Core/Src/main.c:786:13:MX_TIM3_Init	32	static
../Core/Src/main.c:831:13:MX_TIM4_Init	32	static
../Core/Src/main.c:878:13:MX_GPIO_Init	40	static
../Core/Src/main.c:925:6:Error_Handler	4	static,ignoring_inline_asm
