../Core/Src/main.c:99:6:HAL_TIM_PeriodElapsedCallback	16	static
../Core/Src/main.c:113:6:PWM_BEGIN	8	static
../Core/Src/main.c:129:6:SSD1306_INITS	8	static
../Core/Src/main.c:154:6:delay	16	static
../Core/Src/main.c:160:6:Set_Pin_Output	32	static
../Core/Src/main.c:169:6:Set_Pin_Input	32	static
../Core/Src/main.c:177:9:DS18B20_Start	16	static
../Core/Src/main.c:192:6:DS18B20_Write	24	static
../Core/Src/main.c:220:9:DS18B20_Read	16	static
../Core/Src/main.c:240:7:DS18B20_GetTemp	8	static
../Core/Src/main.c:270:6:ADC_CH1	24	static
../Core/Src/main.c:281:6:ADC_CH2	24	static
../Core/Src/main.c:292:6:ADC_CH3	24	static
../Core/Src/main.c:303:7:adc_value_to_voltage	16	static
../Core/Src/main.c:319:5:main	8	static
../Core/Src/main.c:421:6:SystemClock_Config	88	static
../Core/Src/main.c:468:13:MX_ADC2_Init	24	static
../Core/Src/main.c:507:13:MX_I2C1_Init	8	static
../Core/Src/main.c:541:13:MX_TIM1_Init	32	static
../Core/Src/main.c:587:13:MX_TIM2_Init	32	static
../Core/Src/main.c:632:13:MX_TIM4_Init	32	static
../Core/Src/main.c:679:13:MX_GPIO_Init	40	static
../Core/Src/main.c:723:6:Error_Handler	4	static,ignoring_inline_asm
