../Core/Src/main.c:131:6:HAL_TIM_PeriodElapsedCallback	16	static
../Core/Src/main.c:152:6:PWM_COND	8	static
../Core/Src/main.c:175:6:PWM_MOIST	8	static
../Core/Src/main.c:195:7:voltage_to_conductivity	48	static
../Core/Src/main.c:211:6:SSD1306_INITS	8	static
../Core/Src/main.c:236:6:delay	16	static
../Core/Src/main.c:242:6:Set_Pin_Output	32	static
../Core/Src/main.c:251:6:Set_Pin_Input	32	static
../Core/Src/main.c:259:6:Set_Pin_InputPU	32	static
../Core/Src/main.c:267:6:Set_Pin_InputPD	32	static
../Core/Src/main.c:275:9:DS18B20_Start	16	static
../Core/Src/main.c:290:6:DS18B20_Write	24	static
../Core/Src/main.c:318:9:DS18B20_Read	16	static
../Core/Src/main.c:340:7:DS18B20_GetTemp	8	static
../Core/Src/main.c:370:6:ADC_CH1	24	static
../Core/Src/main.c:381:6:ADC_CH2	24	static
../Core/Src/main.c:392:6:ADC_CH3	24	static
../Core/Src/main.c:403:7:adc_value_to_voltage	16	static
../Core/Src/main.c:407:6:delay2	24	static,ignoring_inline_asm
../Core/Src/main.c:413:6:EC_out_of_range	32	static
../Core/Src/main.c:507:6:Set_counterFREQ	8	static
../Core/Src/main.c:546:6:Set_SENSE	8	static
../Core/Src/main.c:596:6:Set_counterFREQ_ssd1306	8	static
../Core/Src/main.c:651:5:main	48	static
../Core/Src/main.c:890:6:SystemClock_Config	88	static
../Core/Src/main.c:937:13:MX_ADC2_Init	24	static
../Core/Src/main.c:1002:13:MX_I2C1_Init	8	static
../Core/Src/main.c:1036:13:MX_TIM1_Init	32	static
../Core/Src/main.c:1082:13:MX_TIM2_Init	32	static
../Core/Src/main.c:1127:13:MX_TIM3_Init	32	static
../Core/Src/main.c:1172:13:MX_TIM4_Init	32	static
../Core/Src/main.c:1219:13:MX_GPIO_Init	40	static
../Core/Src/main.c:1276:6:Error_Handler	4	static,ignoring_inline_asm
