../Core/Src/main.c:113:6:HAL_TIM_PeriodElapsedCallback	16	static
../Core/Src/main.c:127:6:PWM_COND	8	static
../Core/Src/main.c:146:6:PWM_MOIST	8	static
../Core/Src/main.c:161:7:voltage_to_conductivity	48	static
../Core/Src/main.c:177:6:SSD1306_INITS	8	static
../Core/Src/main.c:202:6:delay	16	static
../Core/Src/main.c:208:6:Set_Pin_Output	32	static
../Core/Src/main.c:217:6:Set_Pin_Input	32	static
../Core/Src/main.c:225:6:Set_Pin_InputPU	32	static
../Core/Src/main.c:233:9:DS18B20_Start	16	static
../Core/Src/main.c:248:6:DS18B20_Write	24	static
../Core/Src/main.c:276:9:DS18B20_Read	16	static
../Core/Src/main.c:296:7:DS18B20_GetTemp	8	static
../Core/Src/main.c:326:6:ADC_CH1	24	static
../Core/Src/main.c:337:6:ADC_CH2	24	static
../Core/Src/main.c:348:6:ADC_CH3	24	static
../Core/Src/main.c:359:7:adc_value_to_voltage	16	static
../Core/Src/main.c:375:5:main	40	static
../Core/Src/main.c:565:6:SystemClock_Config	88	static
../Core/Src/main.c:612:13:MX_ADC2_Init	24	static
../Core/Src/main.c:677:13:MX_I2C1_Init	8	static
../Core/Src/main.c:711:13:MX_TIM1_Init	32	static
../Core/Src/main.c:757:13:MX_TIM2_Init	32	static
../Core/Src/main.c:802:13:MX_TIM3_Init	32	static
../Core/Src/main.c:847:13:MX_TIM4_Init	32	static
../Core/Src/main.c:894:13:MX_GPIO_Init	40	static
../Core/Src/main.c:941:6:Error_Handler	4	static,ignoring_inline_asm
