../Core/Src/main.c:149:7:calculateEC	16	static
../Core/Src/main.c:161:6:HAL_TIM_PeriodElapsedCallback	16	static
../Core/Src/main.c:187:6:PWM_COND	8	static
../Core/Src/main.c:210:6:PWM_MOIST	8	static
../Core/Src/main.c:230:7:voltage_to_conductivity	48	static
../Core/Src/main.c:246:6:SSD1306_INITS	8	static
../Core/Src/main.c:271:6:delay	16	static
../Core/Src/main.c:277:6:Set_Pin_Output	32	static
../Core/Src/main.c:286:6:Set_Pin_Input	32	static
../Core/Src/main.c:294:6:Set_Pin_InputPU	32	static
../Core/Src/main.c:302:6:Set_Pin_InputPD	32	static
../Core/Src/main.c:311:6:Set_Conductivity_outputs_PD	24	static
../Core/Src/main.c:321:9:DS18B20_Start	16	static
../Core/Src/main.c:336:6:DS18B20_Write	24	static
../Core/Src/main.c:364:9:DS18B20_Read	16	static
../Core/Src/main.c:386:7:DS18B20_GetTemp	8	static
../Core/Src/main.c:416:6:ADC_CH1	24	static
../Core/Src/main.c:427:6:ADC_CH2	24	static
../Core/Src/main.c:438:6:ADC_CH3	24	static
../Core/Src/main.c:449:7:adc_value_to_voltage	16	static
../Core/Src/main.c:453:6:delay2	24	static,ignoring_inline_asm
../Core/Src/main.c:459:6:EC_out_of_range	32	static
../Core/Src/main.c:553:6:Set_counterFREQ	8	static
../Core/Src/main.c:592:6:Set_SENSE	8	static
../Core/Src/main.c:651:6:Set_counterFREQ_ssd1306	8	static
../Core/Src/main.c:695:6:moistconduct	40	static
../Core/Src/main.c:924:5:main	24	static
../Core/Src/main.c:1036:6:SystemClock_Config	88	static
../Core/Src/main.c:1083:13:MX_ADC2_Init	24	static
../Core/Src/main.c:1148:13:MX_I2C1_Init	8	static
../Core/Src/main.c:1182:13:MX_TIM1_Init	32	static
../Core/Src/main.c:1228:13:MX_TIM2_Init	32	static
../Core/Src/main.c:1273:13:MX_TIM3_Init	32	static
../Core/Src/main.c:1318:13:MX_TIM4_Init	32	static
../Core/Src/main.c:1365:13:MX_GPIO_Init	40	static
../Core/Src/main.c:1422:6:Error_Handler	4	static,ignoring_inline_asm
