../Core/Src/main.c:110:6:HAL_TIM_PeriodElapsedCallback	16	static
../Core/Src/main.c:124:6:PWM_COND	8	static
../Core/Src/main.c:144:6:PWM_MOIST	4	static,ignoring_inline_asm
../Core/Src/main.c:154:7:voltage_to_conductivity	48	static
../Core/Src/main.c:170:6:SSD1306_INITS	8	static
../Core/Src/main.c:195:6:delay	16	static
../Core/Src/main.c:201:6:Set_Pin_Output	32	static
../Core/Src/main.c:210:6:Set_Pin_Input	32	static
../Core/Src/main.c:218:6:Set_Pin_InputPU	32	static
../Core/Src/main.c:226:9:DS18B20_Start	16	static
../Core/Src/main.c:241:6:DS18B20_Write	24	static
../Core/Src/main.c:269:9:DS18B20_Read	16	static
../Core/Src/main.c:289:7:DS18B20_GetTemp	8	static
../Core/Src/main.c:319:6:ADC_CH1	24	static
../Core/Src/main.c:330:6:ADC_CH2	24	static
../Core/Src/main.c:341:6:ADC_CH3	24	static
../Core/Src/main.c:352:7:adc_value_to_voltage	16	static
../Core/Src/main.c:368:5:main	24	static
../Core/Src/main.c:518:6:SystemClock_Config	88	static
../Core/Src/main.c:565:13:MX_ADC2_Init	24	static
../Core/Src/main.c:630:13:MX_I2C1_Init	8	static
../Core/Src/main.c:664:13:MX_TIM1_Init	32	static
../Core/Src/main.c:710:13:MX_TIM2_Init	32	static
../Core/Src/main.c:755:13:MX_TIM3_Init	32	static
../Core/Src/main.c:800:13:MX_TIM4_Init	32	static
../Core/Src/main.c:847:13:MX_GPIO_Init	40	static
../Core/Src/main.c:894:6:Error_Handler	4	static,ignoring_inline_asm
