../Core/Src/main.c:113:6:HAL_TIM_PeriodElapsedCallback	16	static
../Core/Src/main.c:127:6:PWM_COND	8	static
../Core/Src/main.c:146:6:PWM_MOIST	8	static,ignoring_inline_asm
../Core/Src/main.c:289:7:voltage_to_conductivity	48	static
../Core/Src/main.c:305:6:SSD1306_INITS	8	static
../Core/Src/main.c:330:6:delay	16	static
../Core/Src/main.c:336:6:Set_Pin_Output	32	static
../Core/Src/main.c:345:6:Set_Pin_Input	32	static
../Core/Src/main.c:353:6:Set_Pin_InputPU	32	static
../Core/Src/main.c:361:9:DS18B20_Start	16	static
../Core/Src/main.c:376:6:DS18B20_Write	24	static
../Core/Src/main.c:404:9:DS18B20_Read	16	static
../Core/Src/main.c:426:7:DS18B20_GetTemp	8	static
../Core/Src/main.c:456:6:ADC_CH1	24	static
../Core/Src/main.c:467:6:ADC_CH2	24	static
../Core/Src/main.c:478:6:ADC_CH3	24	static
../Core/Src/main.c:489:7:adc_value_to_voltage	16	static
../Core/Src/main.c:505:5:main	40	static
../Core/Src/main.c:707:6:SystemClock_Config	88	static
../Core/Src/main.c:754:13:MX_ADC2_Init	24	static
../Core/Src/main.c:819:13:MX_I2C1_Init	8	static
../Core/Src/main.c:853:13:MX_TIM1_Init	32	static
../Core/Src/main.c:899:13:MX_TIM2_Init	32	static
../Core/Src/main.c:944:13:MX_TIM3_Init	32	static
../Core/Src/main.c:989:13:MX_TIM4_Init	32	static
../Core/Src/main.c:1036:13:MX_GPIO_Init	40	static
../Core/Src/main.c:1087:6:Error_Handler	4	static,ignoring_inline_asm
