../Core/Src/main.c:129:6:HAL_TIM_PeriodElapsedCallback	16	static
../Core/Src/main.c:273:6:PWM_COND	8	static
../Core/Src/main.c:345:6:PWM_MOIST	8	static,ignoring_inline_asm
../Core/Src/main.c:487:7:voltage_to_conductivity	48	static
../Core/Src/main.c:503:6:SSD1306_INITS	8	static
../Core/Src/main.c:528:6:delay	16	static
../Core/Src/main.c:534:6:Set_Pin_Output	32	static
../Core/Src/main.c:543:6:Set_Pin_Input	32	static
../Core/Src/main.c:551:6:Set_Pin_InputPU	32	static
../Core/Src/main.c:559:6:Set_Pin_InputPD	32	static
../Core/Src/main.c:567:9:DS18B20_Start	16	static
../Core/Src/main.c:582:6:DS18B20_Write	24	static
../Core/Src/main.c:610:9:DS18B20_Read	16	static
../Core/Src/main.c:632:7:DS18B20_GetTemp	8	static
../Core/Src/main.c:662:6:ADC_CH1	24	static
../Core/Src/main.c:673:6:ADC_CH2	24	static
../Core/Src/main.c:684:6:ADC_CH3	24	static
../Core/Src/main.c:695:7:adc_value_to_voltage	16	static
../Core/Src/main.c:699:6:delay2	24	static,ignoring_inline_asm
../Core/Src/main.c:717:5:main	72	static
../Core/Src/main.c:1156:6:SystemClock_Config	88	static
../Core/Src/main.c:1203:13:MX_ADC2_Init	24	static
../Core/Src/main.c:1268:13:MX_I2C1_Init	8	static
../Core/Src/main.c:1302:13:MX_TIM1_Init	32	static
../Core/Src/main.c:1348:13:MX_TIM2_Init	32	static
../Core/Src/main.c:1393:13:MX_TIM3_Init	32	static
../Core/Src/main.c:1438:13:MX_TIM4_Init	32	static
../Core/Src/main.c:1485:13:MX_GPIO_Init	40	static
../Core/Src/main.c:1542:6:Error_Handler	4	static,ignoring_inline_asm
