../Core/Src/main.c:104:6:HAL_TIM_PeriodElapsedCallback	16	static
../Core/Src/main.c:118:6:PWM_BEGIN	8	static
../Core/Src/main.c:140:6:SSD1306_INITS	8	static
../Core/Src/main.c:165:6:delay	16	static
../Core/Src/main.c:171:6:Set_Pin_Output	32	static
../Core/Src/main.c:180:6:Set_Pin_Input	32	static
../Core/Src/main.c:188:6:Set_Pin_InputPU	32	static
../Core/Src/main.c:196:9:DS18B20_Start	16	static
../Core/Src/main.c:211:6:DS18B20_Write	24	static
../Core/Src/main.c:239:9:DS18B20_Read	16	static
../Core/Src/main.c:259:7:DS18B20_GetTemp	8	static
../Core/Src/main.c:289:6:ADC_CH1	24	static
../Core/Src/main.c:300:6:ADC_CH2	24	static
../Core/Src/main.c:311:6:ADC_CH3	24	static
../Core/Src/main.c:322:7:adc_value_to_voltage	16	static
../Core/Src/main.c:338:5:main	8	static
../Core/Src/main.c:453:6:SystemClock_Config	88	static
../Core/Src/main.c:500:13:MX_ADC2_Init	24	static
../Core/Src/main.c:565:13:MX_I2C1_Init	8	static
../Core/Src/main.c:599:13:MX_TIM1_Init	32	static
../Core/Src/main.c:645:13:MX_TIM2_Init	64	static
../Core/Src/main.c:704:13:MX_TIM3_Init	32	static
../Core/Src/main.c:749:13:MX_TIM4_Init	32	static
../Core/Src/main.c:796:13:MX_GPIO_Init	40	static
../Core/Src/main.c:836:6:Error_Handler	4	static,ignoring_inline_asm
