../Core/Src/main.c:150:7:calculateECSET1	256	static
../Core/Src/main.c:310:7:calculateECSET10	256	static
../Core/Src/main.c:466:8:calculateECSET100	40	static
../Core/Src/main.c:481:8:calculateECSET1000	40	static
../Core/Src/main.c:498:7:HAL_TIM_PeriodElapsedCallback	16	static
../Core/Src/main.c:523:7:salinity_fertilizer	40	static
../Core/Src/main.c:648:7:PWM_COND	8	static
../Core/Src/main.c:671:7:PWM_MOIST	8	static
../Core/Src/main.c:692:7:SSD1306_INITS	8	static
../Core/Src/main.c:717:7:delay	16	static
../Core/Src/main.c:723:7:Set_Pin_Output	32	static
../Core/Src/main.c:732:7:Set_Pin_Input	32	static
../Core/Src/main.c:740:7:Set_Pin_InputPU	32	static
../Core/Src/main.c:748:7:Set_Pin_InputPD	32	static
../Core/Src/main.c:757:7:Set_Conductivity_outputs_PD	24	static
../Core/Src/main.c:767:10:DS18B20_Start	16	static
../Core/Src/main.c:782:7:DS18B20_Write	24	static
../Core/Src/main.c:810:10:DS18B20_Read	16	static
../Core/Src/main.c:832:8:DS18B20_GetTemp	8	static
../Core/Src/main.c:862:7:ADC_CH1	24	static
../Core/Src/main.c:873:7:ADC_CH2	24	static
../Core/Src/main.c:884:7:ADC_CH3	24	static
../Core/Src/main.c:895:8:adc_value_to_voltage	16	static
../Core/Src/main.c:899:7:delay2	24	static,ignoring_inline_asm
../Core/Src/main.c:905:7:EC_out_of_range	32	static
../Core/Src/main.c:1005:7:Set_counterFREQ	8	static
../Core/Src/main.c:1044:7:Set_SENSE	8	static
../Core/Src/main.c:1102:7:Set_counterFREQ_ssd1306	8	static
../Core/Src/main.c:1146:7:moistconduct	40	static
../Core/Src/main.c:1397:6:main	24	static
../Core/Src/main.c:1514:7:SystemClock_Config	88	static
../Core/Src/main.c:1561:14:MX_ADC2_Init	24	static
../Core/Src/main.c:1626:14:MX_I2C1_Init	8	static
../Core/Src/main.c:1660:14:MX_TIM1_Init	32	static
../Core/Src/main.c:1706:14:MX_TIM2_Init	32	static
../Core/Src/main.c:1751:14:MX_TIM3_Init	32	static
../Core/Src/main.c:1796:14:MX_TIM4_Init	32	static
../Core/Src/main.c:1843:14:MX_GPIO_Init	40	static
../Core/Src/main.c:1900:7:Error_Handler	4	static,ignoring_inline_asm
