../Core/Src/main.c:130:6:HAL_TIM_PeriodElapsedCallback	16	static
../Core/Src/main.c:151:6:PWM_COND	8	static
../Core/Src/main.c:174:6:PWM_MOIST	8	static
../Core/Src/main.c:193:7:voltage_to_conductivity	48	static
../Core/Src/main.c:209:6:SSD1306_INITS	8	static
../Core/Src/main.c:234:6:delay	16	static
../Core/Src/main.c:240:6:Set_Pin_Output	32	static
../Core/Src/main.c:249:6:Set_Pin_Input	32	static
../Core/Src/main.c:257:6:Set_Pin_InputPU	32	static
../Core/Src/main.c:265:6:Set_Pin_InputPD	32	static
../Core/Src/main.c:273:9:DS18B20_Start	16	static
../Core/Src/main.c:288:6:DS18B20_Write	24	static
../Core/Src/main.c:316:9:DS18B20_Read	16	static
../Core/Src/main.c:338:7:DS18B20_GetTemp	8	static
../Core/Src/main.c:368:6:ADC_CH1	24	static
../Core/Src/main.c:379:6:ADC_CH2	24	static
../Core/Src/main.c:390:6:ADC_CH3	24	static
../Core/Src/main.c:401:7:adc_value_to_voltage	16	static
../Core/Src/main.c:405:6:delay2	24	static,ignoring_inline_asm
../Core/Src/main.c:411:6:EC_out_of_range	32	static
../Core/Src/main.c:505:6:Set_counterFREQ	8	static
../Core/Src/main.c:544:6:Set_SENSE	8	static
../Core/Src/main.c:590:6:Set_counterFREQ_ssd1306	8	static
../Core/Src/main.c:645:5:main	48	static
../Core/Src/main.c:863:6:SystemClock_Config	88	static
../Core/Src/main.c:910:13:MX_ADC2_Init	24	static
../Core/Src/main.c:975:13:MX_I2C1_Init	8	static
../Core/Src/main.c:1009:13:MX_TIM1_Init	32	static
../Core/Src/main.c:1055:13:MX_TIM2_Init	32	static
../Core/Src/main.c:1100:13:MX_TIM3_Init	32	static
../Core/Src/main.c:1145:13:MX_TIM4_Init	32	static
../Core/Src/main.c:1192:13:MX_GPIO_Init	40	static
../Core/Src/main.c:1249:6:Error_Handler	4	static,ignoring_inline_asm
