../Core/Src/main.c:156:7:new_calculateECSET1	40	static
../Core/Src/main.c:168:7:new_calculateRSET1	24	static
../Core/Src/main.c:173:7:new_calculateECSET10	40	static
../Core/Src/main.c:185:7:new_calculateRSET10	24	static
../Core/Src/main.c:190:7:new_calculateECSET100	40	static
../Core/Src/main.c:202:7:new_calculateRSET100	24	static
../Core/Src/main.c:207:7:new_calculateECSET1000	40	static
../Core/Src/main.c:219:7:new_calculateRSET1000	24	static
../Core/Src/main.c:226:7:calculateECSET1	256	static
../Core/Src/main.c:386:7:calculateECSET10	256	static
../Core/Src/main.c:542:8:calculateECSET100	40	static
../Core/Src/main.c:557:8:calculateECSET1000	40	static
../Core/Src/main.c:574:7:HAL_TIM_PeriodElapsedCallback	16	static
../Core/Src/main.c:599:7:salinity_fertilizer	40	static
../Core/Src/main.c:724:7:PWM_COND	8	static
../Core/Src/main.c:747:7:PWM_MOIST	8	static
../Core/Src/main.c:768:7:SSD1306_INITS	8	static
../Core/Src/main.c:793:7:delay	16	static
../Core/Src/main.c:799:7:Set_Pin_Output	32	static
../Core/Src/main.c:808:7:Set_Pin_Input	32	static
../Core/Src/main.c:816:7:Set_Pin_InputPU	32	static
../Core/Src/main.c:824:7:Set_Pin_InputPD	32	static
../Core/Src/main.c:833:7:Set_Conductivity_outputs_PD	24	static
../Core/Src/main.c:843:10:DS18B20_Start	16	static
../Core/Src/main.c:858:7:DS18B20_Write	24	static
../Core/Src/main.c:886:10:DS18B20_Read	16	static
../Core/Src/main.c:908:8:DS18B20_GetTemp	8	static
../Core/Src/main.c:938:7:ADC_CH0	24	static
../Core/Src/main.c:949:7:ADC_CH1	24	static
../Core/Src/main.c:960:7:ADC_CH2	24	static
../Core/Src/main.c:971:7:ADC_CH3	24	static
../Core/Src/main.c:982:8:adc_value_to_voltage	16	static
../Core/Src/main.c:986:7:delay2	24	static,ignoring_inline_asm
../Core/Src/main.c:992:7:EC_out_of_range_fast	32	static
../Core/Src/main.c:1091:7:EC_out_of_range	32	static
../Core/Src/main.c:1191:7:Set_counterFREQ	8	static
../Core/Src/main.c:1238:7:Set_SENSE	8	static
../Core/Src/main.c:1296:7:Set_counterFREQ_ssd1306	8	static
../Core/Src/main.c:1339:7:send_data	24	static
../Core/Src/main.c:1395:6:conductonly	32	static
../Core/Src/main.c:1517:7:moistconduct	40	static
../Core/Src/main.c:1714:5:main	24	static
../Core/Src/main.c:1845:6:SystemClock_Config	88	static
../Core/Src/main.c:1892:13:MX_ADC2_Init	24	static
../Core/Src/main.c:1957:13:MX_I2C1_Init	8	static
../Core/Src/main.c:1991:13:MX_SPI1_Init	8	static
../Core/Src/main.c:2029:13:MX_TIM1_Init	32	static
../Core/Src/main.c:2075:13:MX_TIM2_Init	32	static
../Core/Src/main.c:2120:13:MX_TIM3_Init	32	static
../Core/Src/main.c:2165:13:MX_TIM4_Init	32	static
../Core/Src/main.c:2212:13:MX_GPIO_Init	40	static
../Core/Src/main.c:2277:6:Error_Handler	4	static,ignoring_inline_asm
