../Core/Src/main.c:125:6:HAL_TIM_PeriodElapsedCallback	16	static
../Core/Src/main.c:269:6:PWM_COND	8	static
../Core/Src/main.c:325:6:PWM_MOIST	8	static,ignoring_inline_asm
../Core/Src/main.c:467:7:voltage_to_conductivity	48	static
../Core/Src/main.c:483:6:SSD1306_INITS	8	static
../Core/Src/main.c:508:6:delay	16	static
../Core/Src/main.c:514:6:Set_Pin_Output	32	static
../Core/Src/main.c:523:6:Set_Pin_Input	32	static
../Core/Src/main.c:531:6:Set_Pin_InputPU	32	static
../Core/Src/main.c:539:6:Set_Pin_InputPD	32	static
../Core/Src/main.c:547:9:DS18B20_Start	16	static
../Core/Src/main.c:562:6:DS18B20_Write	24	static
../Core/Src/main.c:590:9:DS18B20_Read	16	static
../Core/Src/main.c:612:7:DS18B20_GetTemp	8	static
../Core/Src/main.c:642:6:ADC_CH1	24	static
../Core/Src/main.c:653:6:ADC_CH2	24	static
../Core/Src/main.c:664:6:ADC_CH3	24	static
../Core/Src/main.c:675:7:adc_value_to_voltage	16	static
../Core/Src/main.c:679:6:delay2	24	static,ignoring_inline_asm
../Core/Src/main.c:697:5:main	40	static
../Core/Src/main.c:1020:6:SystemClock_Config	88	static
../Core/Src/main.c:1067:13:MX_ADC2_Init	24	static
../Core/Src/main.c:1132:13:MX_I2C1_Init	8	static
../Core/Src/main.c:1166:13:MX_TIM1_Init	32	static
../Core/Src/main.c:1212:13:MX_TIM2_Init	32	static
../Core/Src/main.c:1257:13:MX_TIM3_Init	32	static
../Core/Src/main.c:1302:13:MX_TIM4_Init	32	static
../Core/Src/main.c:1349:13:MX_GPIO_Init	40	static
../Core/Src/main.c:1406:6:Error_Handler	4	static,ignoring_inline_asm
