../Core/Src/main.c:105:6:HAL_TIM_PeriodElapsedCallback	16	static
../Core/Src/main.c:119:6:PWM_COND	8	static
../Core/Src/main.c:139:6:PWM_MOIST	8	static
../Core/Src/main.c:154:6:SSD1306_INITS	8	static
../Core/Src/main.c:179:6:delay	16	static
../Core/Src/main.c:185:6:Set_Pin_Output	32	static
../Core/Src/main.c:194:6:Set_Pin_Input	32	static
../Core/Src/main.c:202:6:Set_Pin_InputPU	32	static
../Core/Src/main.c:210:9:DS18B20_Start	16	static
../Core/Src/main.c:225:6:DS18B20_Write	24	static
../Core/Src/main.c:253:9:DS18B20_Read	16	static
../Core/Src/main.c:273:7:DS18B20_GetTemp	8	static
../Core/Src/main.c:303:6:ADC_CH1	24	static
../Core/Src/main.c:314:6:ADC_CH2	24	static
../Core/Src/main.c:325:6:ADC_CH3	24	static
../Core/Src/main.c:336:7:adc_value_to_voltage	16	static
../Core/Src/main.c:352:5:main	8	static
../Core/Src/main.c:492:6:SystemClock_Config	88	static
../Core/Src/main.c:539:13:MX_ADC2_Init	24	static
../Core/Src/main.c:604:13:MX_I2C1_Init	8	static
../Core/Src/main.c:638:13:MX_TIM1_Init	32	static
../Core/Src/main.c:684:13:MX_TIM2_Init	32	static
../Core/Src/main.c:729:13:MX_TIM3_Init	32	static
../Core/Src/main.c:774:13:MX_TIM4_Init	32	static
../Core/Src/main.c:821:13:MX_GPIO_Init	40	static
../Core/Src/main.c:861:6:Error_Handler	4	static,ignoring_inline_asm
