../Core/Src/main.c:116:6:HAL_TIM_PeriodElapsedCallback	16	static
../Core/Src/main.c:137:6:PWM_COND	8	static
../Core/Src/main.c:157:6:PWM_MOIST	8	static,ignoring_inline_asm
../Core/Src/main.c:299:7:voltage_to_conductivity	48	static
../Core/Src/main.c:315:6:SSD1306_INITS	8	static
../Core/Src/main.c:340:6:delay	16	static
../Core/Src/main.c:346:6:Set_Pin_Output	32	static
../Core/Src/main.c:355:6:Set_Pin_Input	32	static
../Core/Src/main.c:363:6:Set_Pin_InputPU	32	static
../Core/Src/main.c:371:9:DS18B20_Start	16	static
../Core/Src/main.c:386:6:DS18B20_Write	24	static
../Core/Src/main.c:414:9:DS18B20_Read	16	static
../Core/Src/main.c:436:7:DS18B20_GetTemp	8	static
../Core/Src/main.c:466:6:ADC_CH1	24	static
../Core/Src/main.c:477:6:ADC_CH2	24	static
../Core/Src/main.c:488:6:ADC_CH3	24	static
../Core/Src/main.c:499:7:adc_value_to_voltage	16	static
../Core/Src/main.c:515:5:main	40	static
../Core/Src/main.c:720:6:SystemClock_Config	88	static
../Core/Src/main.c:767:13:MX_ADC2_Init	24	static
../Core/Src/main.c:832:13:MX_I2C1_Init	8	static
../Core/Src/main.c:866:13:MX_TIM1_Init	32	static
../Core/Src/main.c:912:13:MX_TIM2_Init	32	static
../Core/Src/main.c:957:13:MX_TIM3_Init	32	static
../Core/Src/main.c:1002:13:MX_TIM4_Init	32	static
../Core/Src/main.c:1049:13:MX_GPIO_Init	40	static
../Core/Src/main.c:1100:6:Error_Handler	4	static,ignoring_inline_asm
