../Core/Src/main.c:125:6:HAL_TIM_PeriodElapsedCallback	16	static
../Core/Src/main.c:269:6:PWM_COND	8	static
../Core/Src/main.c:309:6:PWM_MOIST	8	static,ignoring_inline_asm
../Core/Src/main.c:451:7:voltage_to_conductivity	48	static
../Core/Src/main.c:467:6:SSD1306_INITS	8	static
../Core/Src/main.c:492:6:delay	16	static
../Core/Src/main.c:498:6:Set_Pin_Output	32	static
../Core/Src/main.c:507:6:Set_Pin_Input	32	static
../Core/Src/main.c:515:6:Set_Pin_InputPU	32	static
../Core/Src/main.c:523:6:Set_Pin_InputPD	32	static
../Core/Src/main.c:531:9:DS18B20_Start	16	static
../Core/Src/main.c:546:6:DS18B20_Write	24	static
../Core/Src/main.c:574:9:DS18B20_Read	16	static
../Core/Src/main.c:596:7:DS18B20_GetTemp	8	static
../Core/Src/main.c:626:6:ADC_CH1	24	static
../Core/Src/main.c:637:6:ADC_CH2	24	static
../Core/Src/main.c:648:6:ADC_CH3	24	static
../Core/Src/main.c:659:7:adc_value_to_voltage	16	static
../Core/Src/main.c:663:6:delay2	24	static,ignoring_inline_asm
../Core/Src/main.c:681:5:main	40	static
../Core/Src/main.c:962:6:SystemClock_Config	88	static
../Core/Src/main.c:1009:13:MX_ADC2_Init	24	static
../Core/Src/main.c:1074:13:MX_I2C1_Init	8	static
../Core/Src/main.c:1108:13:MX_TIM1_Init	32	static
../Core/Src/main.c:1154:13:MX_TIM2_Init	32	static
../Core/Src/main.c:1199:13:MX_TIM3_Init	32	static
../Core/Src/main.c:1244:13:MX_TIM4_Init	32	static
../Core/Src/main.c:1291:13:MX_GPIO_Init	40	static
../Core/Src/main.c:1348:6:Error_Handler	4	static,ignoring_inline_asm
