../Core/Src/main.c:150:7:calculateECSET1	96	static
../Core/Src/main.c:210:7:calculateECSET10	40	static
../Core/Src/main.c:225:7:calculateECSET100	40	static
../Core/Src/main.c:240:7:calculateECSET1000	40	static
../Core/Src/main.c:257:6:HAL_TIM_PeriodElapsedCallback	16	static
../Core/Src/main.c:282:6:salinity_fertilizer	40	static
../Core/Src/main.c:407:6:PWM_COND	8	static
../Core/Src/main.c:430:6:PWM_MOIST	8	static
../Core/Src/main.c:451:6:SSD1306_INITS	8	static
../Core/Src/main.c:476:6:delay	16	static
../Core/Src/main.c:482:6:Set_Pin_Output	32	static
../Core/Src/main.c:491:6:Set_Pin_Input	32	static
../Core/Src/main.c:499:6:Set_Pin_InputPU	32	static
../Core/Src/main.c:507:6:Set_Pin_InputPD	32	static
../Core/Src/main.c:516:6:Set_Conductivity_outputs_PD	24	static
../Core/Src/main.c:526:9:DS18B20_Start	16	static
../Core/Src/main.c:541:6:DS18B20_Write	24	static
../Core/Src/main.c:569:9:DS18B20_Read	16	static
../Core/Src/main.c:591:7:DS18B20_GetTemp	8	static
../Core/Src/main.c:621:6:ADC_CH1	24	static
../Core/Src/main.c:632:6:ADC_CH2	24	static
../Core/Src/main.c:643:6:ADC_CH3	24	static
../Core/Src/main.c:654:7:adc_value_to_voltage	16	static
../Core/Src/main.c:658:6:delay2	24	static,ignoring_inline_asm
../Core/Src/main.c:664:6:EC_out_of_range	32	static
../Core/Src/main.c:764:6:Set_counterFREQ	8	static
../Core/Src/main.c:803:6:Set_SENSE	8	static
../Core/Src/main.c:861:6:Set_counterFREQ_ssd1306	8	static
../Core/Src/main.c:905:6:moistconduct	40	static
../Core/Src/main.c:1156:5:main	24	static
../Core/Src/main.c:1273:6:SystemClock_Config	88	static
../Core/Src/main.c:1320:13:MX_ADC2_Init	24	static
../Core/Src/main.c:1385:13:MX_I2C1_Init	8	static
../Core/Src/main.c:1419:13:MX_TIM1_Init	32	static
../Core/Src/main.c:1465:13:MX_TIM2_Init	32	static
../Core/Src/main.c:1510:13:MX_TIM3_Init	32	static
../Core/Src/main.c:1555:13:MX_TIM4_Init	32	static
../Core/Src/main.c:1602:13:MX_GPIO_Init	40	static
../Core/Src/main.c:1659:6:Error_Handler	4	static,ignoring_inline_asm
